
> karyo-os@1.5.0 build
> tsc -b && vite build

vite v6.4.2 building for production...
transforming...
✓ 2012 modules transformed.
rendering chunks...
dist/index.html                                             2.40 kB
dist/assets/inter-vietnamese-400-normal-DMkecbls.woff2      4.97 kB
dist/assets/inter-vietnamese-600-normal-Cc8MFFhd.woff2      5.10 kB
dist/assets/inter-vietnamese-700-normal-DlLaEgI2.woff2      5.10 kB
dist/assets/inter-vietnamese-500-normal-DOriooB6.woff2      5.11 kB
dist/assets/inter-vietnamese-800-normal-Cm7tD1pz.woff2      5.18 kB
dist/assets/inter-greek-ext-400-normal-DGGRlc-M.woff2       5.26 kB
dist/assets/inter-greek-ext-500-normal-C4iEst2y.woff2       5.43 kB
dist/assets/inter-greek-ext-600-normal-DRtmH8MT.woff2       5.43 kB
dist/assets/inter-greek-ext-700-normal-qfdV9bQt.woff2       5.44 kB
dist/assets/inter-greek-ext-800-normal-B--PVpEC.woff2       5.55 kB
dist/assets/inter-vietnamese-400-normal-Bbgyi5SW.woff       6.50 kB
dist/assets/inter-vietnamese-500-normal-mJboJaSs.woff       6.60 kB
dist/assets/inter-vietnamese-700-normal-BZaoP0fm.woff       6.63 kB
dist/assets/inter-vietnamese-600-normal-BuLX-rYi.woff       6.64 kB
dist/assets/inter-vietnamese-800-normal-DDlpr_Ee.woff       6.64 kB
dist/assets/inter-greek-ext-400-normal-KugGGMne.woff        7.06 kB
dist/assets/inter-greek-ext-500-normal-2j5mBUwD.woff        7.19 kB
dist/assets/inter-greek-ext-800-normal-DUe57HfS.woff        7.20 kB
dist/assets/inter-greek-ext-600-normal-B8X0CLgF.woff        7.21 kB
dist/assets/inter-greek-ext-700-normal-BoQ6DsYi.woff        7.22 kB
dist/assets/inter-cyrillic-400-normal-obahsSVq.woff2        7.71 kB
dist/assets/inter-greek-400-normal-B4URO6DV.woff2           7.78 kB
dist/assets/inter-greek-800-normal-CLIouy3y.woff2           7.89 kB
dist/assets/inter-cyrillic-500-normal-BasfLYem.woff2        7.90 kB
dist/assets/inter-cyrillic-700-normal-CjBOestx.woff2        7.90 kB
dist/assets/inter-greek-500-normal-BIZE56-Y.woff2           7.92 kB
dist/assets/inter-greek-700-normal-C3JjAnD8.woff2           7.92 kB
dist/assets/inter-greek-600-normal-plRanbMR.woff2           7.94 kB
dist/assets/inter-cyrillic-600-normal-CWCymEST.woff2        7.97 kB
dist/assets/inter-cyrillic-800-normal-C7MGvYyJ.woff2        7.99 kB
dist/assets/inter-cyrillic-400-normal-HOLc17fK.woff         9.78 kB
dist/assets/inter-cyrillic-700-normal-DrXBdSj3.woff         9.91 kB
dist/assets/inter-greek-400-normal-q2sYcFCs.woff            9.92 kB
dist/assets/inter-cyrillic-600-normal-4D_pXhcN.woff         9.94 kB
dist/assets/inter-cyrillic-500-normal-CxZf_p3X.woff         9.94 kB
dist/assets/inter-cyrillic-800-normal-CCHyn08d.woff         9.94 kB
dist/assets/inter-greek-800-normal-BU00tryP.woff            9.96 kB
dist/assets/inter-greek-500-normal-Xzm54t5V.woff            9.98 kB
dist/assets/inter-greek-700-normal-BUv2fZ6O.woff            9.98 kB
dist/assets/inter-greek-600-normal-BZpKdvQh.woff           10.03 kB
dist/assets/inter-cyrillic-ext-400-normal-BQZuk6qB.woff2   10.23 kB
dist/assets/inter-cyrillic-ext-500-normal-B0yAr1jD.woff2   10.43 kB
dist/assets/inter-cyrillic-ext-800-normal-BZOjs1Xv.woff2   10.44 kB
dist/assets/inter-cyrillic-ext-600-normal-Dfes3d0z.woff2   10.48 kB
dist/assets/inter-cyrillic-ext-700-normal-BjwYoWNd.woff2   10.50 kB
dist/assets/inter-cyrillic-ext-400-normal-DQukG94-.woff    13.34 kB
dist/assets/inter-cyrillic-ext-700-normal-LO58E6JB.woff    13.41 kB
dist/assets/inter-cyrillic-ext-500-normal-BmqWE9Dz.woff    13.45 kB
dist/assets/inter-cyrillic-ext-600-normal-Bcila6Z-.woff    13.46 kB
dist/assets/inter-cyrillic-ext-800-normal-Ca-gJeZY.woff    13.48 kB
dist/assets/inter-latin-400-normal-C38fXH4l.woff2          23.66 kB
dist/assets/inter-latin-500-normal-Cerq10X2.woff2          24.27 kB
dist/assets/inter-latin-700-normal-Yt3aPRUw.woff2          24.36 kB
dist/assets/inter-latin-800-normal-BYj_oED-.woff2          24.40 kB
dist/assets/inter-latin-600-normal-LgqL8muc.woff2          24.45 kB
dist/assets/inter-latin-400-normal-CyCys3Eg.woff           30.70 kB
dist/assets/inter-latin-600-normal-CiBQ2DWP.woff           31.26 kB
dist/assets/inter-latin-500-normal-BL9OpVg8.woff           31.28 kB
dist/assets/inter-latin-800-normal-D1mf63XC.woff           31.30 kB
dist/assets/inter-latin-700-normal-BLAVimhd.woff           31.32 kB
dist/assets/inter-latin-ext-400-normal-C1nco2VV.woff2      35.00 kB
dist/assets/inter-latin-ext-500-normal-CV4jyFjo.woff2      36.02 kB
dist/assets/inter-latin-ext-800-normal-DZJjya6U.woff2      36.13 kB
dist/assets/inter-latin-ext-700-normal-Ca8adRJv.woff2      36.24 kB
dist/assets/inter-latin-ext-600-normal-D2bJ5OIk.woff2      36.26 kB
dist/assets/inter-latin-ext-400-normal-77YHD8bZ.woff       47.56 kB
dist/assets/inter-latin-ext-500-normal-BxGbmqWO.woff       48.49 kB
dist/assets/inter-latin-ext-800-normal-BOMpwxm3.woff       48.59 kB
dist/assets/inter-latin-ext-700-normal-TidjK2hL.woff       48.63 kB
dist/assets/inter-latin-ext-600-normal-CIVaiw4L.woff       48.67 kB
dist/assets/index-C9RGHcrG.css                            192.79 kB
dist/assets/usePagination-9wYtWAsz.js                       0.25 kB
dist/assets/index-BnyPogoq.js                               0.50 kB
dist/assets/geolocation-Bjf_vbTH.js                         0.52 kB
dist/assets/gatepass-D3K9RYiQ.js                            0.54 kB
dist/assets/useSatuans-Dn2-J5A2.js                          0.56 kB
dist/assets/ConfirmModal-ZKa-O1Ke.js                        0.58 kB
dist/assets/timeFormatter-B_piwrom.js                       0.60 kB
dist/assets/state-DtBbVxPF.js                               0.65 kB
dist/assets/dashboard-a4XTWMtC.js                           0.90 kB
dist/assets/useVisibilityAwareRefresh-Ch9MOfFq.js           0.94 kB
dist/assets/EmptyState-B3HNDw1O.js                          1.01 kB
dist/assets/BarChart-BrD5RXol.js                            1.19 kB
dist/assets/GatePassStatusBadge-CU57n9Bt.js                 1.22 kB
dist/assets/useApel-3uTr5rnB.js                             1.33 kB
dist/assets/DashboardShortcutGrid-kGNQ_eTp.js               1.42 kB
dist/assets/Input-nutjnmBN.js                               1.50 kB
dist/assets/useGatePassRealtime-DXHxPu_U.js                 1.50 kB
dist/assets/useKegiatan-BXSmV2_V.js                         1.55 kB
dist/assets/useLaporanOps-31HQcAgJ.js                       1.61 kB
dist/assets/AttendanceHeatmap-6WfLXsYc.js                   1.64 kB
dist/assets/satuans-CKjvJg80.js                             1.75 kB
dist/assets/Pagination-CrnMv00B.js                          1.78 kB
dist/assets/UserSearchSelect-DprpoT9n.js                    1.81 kB
dist/assets/Button-RU9EqgUM.js                              1.88 kB
dist/assets/Skeleton-gKEUnGbc.js                            1.95 kB
dist/assets/StatCard-O6mYsaXW.js                            2.09 kB
dist/assets/ForceChangePin-DOBwpASs.js                      2.12 kB
dist/assets/ErrorPage-Bu50UthZ.js                           2.35 kB
dist/assets/useLogisticsRequests-CTOD7TJA.js                2.36 kB
dist/assets/useLeaveRequests-xCzGrD5-.js                    2.40 kB
dist/assets/useAttendance-Dfp3iSB9.js                       2.43 kB
dist/assets/useAuditLogs-B39cvWEy.js                        2.47 kB
dist/assets/posJagaStore-JnnntoCJ.js                        2.69 kB
dist/assets/Badge-CUUYSb9s.js                               2.69 kB
dist/assets/Modal-D-K8eSs7.js                               2.92 kB
dist/assets/AuditLog-Co7sKTo7.js                            2.93 kB
dist/assets/Table-B3s7EXIZ.js                               3.00 kB
dist/assets/LaporanOps-COXeRVBS.js                          3.04 kB
dist/assets/Apel-DrCUfhKp.js                                3.04 kB
dist/assets/Apel-B8MHAXpT.js                                3.25 kB
dist/assets/Notification-Bp8kFNUK.js                        3.27 kB
dist/assets/useAnnouncements-BSNREszK.js                    3.33 kB
dist/assets/WeatherWidget-ChsY9_IX.js                       3.79 kB
dist/assets/Apel-pAd6b8GE.js                                3.94 kB
dist/assets/DisciplineNotes-Cq4a2YfJ.js                     4.08 kB
dist/assets/Attendance-DdHI9Usm.js                          4.41 kB
dist/assets/RegisterByLink-CnFRUr_q.js                      4.43 kB
dist/assets/Kegiatan-04pumH20.js                            4.75 kB
dist/assets/KomandanAttendance-BFaobW5b.js                  4.82 kB
dist/assets/MyTasks-CUr2WdtH.js                             5.02 kB
dist/assets/GatePassApprovalPage-D4A0y3jO.js                5.05 kB
dist/assets/Evaluation-LB-AaBsL.js                          5.16 kB
dist/assets/LeaveReview-CoXXDQs_.js                         5.44 kB
dist/assets/useTasks-B-pniRdD.js                            5.83 kB
dist/assets/gatePassStore-JVjByk_7.js                       6.24 kB
dist/assets/Landing-BBkLQcX7.js                             6.49 kB
dist/assets/LaporanOps-BtZYrRNg.js                          6.50 kB
dist/assets/Personnel-CCWDzFI9.js                           7.00 kB
dist/assets/LogisticsRequest-BWpmbzCR.js                    7.48 kB
dist/assets/StafDashboard-BkhPd6sP.js                       7.54 kB
dist/assets/GatePassPage-BuEXJ15p.js                        7.72 kB
dist/assets/LeaveRequest-iZi2gnVk.js                        7.76 kB
dist/assets/Kegiatan-OjDStnew.js                            7.94 kB
dist/assets/Documents-BeS6wKWf.js                           8.42 kB
dist/assets/useUsers-B4V6Qqwe.js                            8.67 kB
dist/assets/Login-tNQUKp46.js                               8.75 kB
dist/assets/GuardDashboard-CaXBBZzW.js                      8.82 kB
dist/assets/AttendanceReport-Dk6W1w_Z.js                    9.80 kB
dist/assets/Announcements-BYMVdTNi.js                      10.12 kB
dist/assets/StafMessages-Bu9vqUff.js                       10.56 kB
dist/assets/TaskManagement-CrFmQC3V.js                     10.73 kB
dist/assets/ScanPosJagaPage-Ug7Oa6Hr.js                    10.88 kB
dist/assets/SatuanManagement-0yek6INA.js                   10.99 kB
dist/assets/Analytics-XnIIwImw.js                          11.15 kB
dist/assets/Sprint-BIIUcXkj.js                             11.44 kB
dist/assets/ShiftSchedule-DtL9RhJy.js                      11.54 kB
dist/assets/Reports-B_TWVCZD.js                            12.67 kB
dist/assets/Logistics-DXKO9133.js                          13.02 kB
dist/assets/KomandanDashboard-D3xyUIs1.js                  13.15 kB
dist/assets/PrajuritDashboard-hO9np25V.js                  13.84 kB
dist/assets/PosJagaPage-B6iX7IeB.js                        14.31 kB
dist/assets/Profile-CmAospTz.js                            16.15 kB
dist/assets/UserDetailModal-B3Gxl2W3.js                    16.18 kB
dist/assets/AdminDashboard-D8G_3dYc.js                     27.82 kB
dist/assets/Settings-B1fg1ouV.js                           34.46 kB
dist/assets/icons-D7auRWhj.js                              43.98 kB
dist/assets/GatePassMonitorPage-BglkiWhf.js                47.19 kB
dist/assets/PageHeader-6C-9eMNs.js                         49.14 kB
dist/assets/UserManagement-DjEXi1F0.js                     54.76 kB
dist/assets/vendor-2qXqbRMX.js                             77.55 kB
dist/assets/supabase-DmJIYYE5.js                          194.01 kB
dist/assets/index-C8lqzg7D.js                             236.89 kB
dist/assets/qr-BRgfrULQ.js                                393.25 kB
✓ built in 7.70s
